==========================================
🔨 DKonsole Build v1.5.0-rc1
==========================================

💡 Tip: Use --skip-tests flag to skip validation tests

🧪 Running pre-build validation tests...

⚠️  Docker not available - frontend tests will be skipped
   Install/start Docker to run frontend tests: https://docs.docker.com/get-docker/

📋 Testing Backend...
  🔄 Updating go.mod...
./scripts/build.sh: línea 72: go: orden no encontrada
❌ Failed to update go.mod
